log entry 1
log entry 2
log entry 3
log entry 4 
log entry 5
log entry 6
log entry 7
log entry 8
log entry 9
log entry 10
log entry 11
log entry 12
log entry 13
